src/pages/dashboard/principal/Announcements.tsx(18,46): error TS6133: 'CardFooter' is declared but its value is never read.
src/pages/dashboard/shared/SubjectDetail.tsx(23,29): error TS6133: 'CardHeader' is declared but its value is never read.
src/pages/dashboard/shared/SubjectDetail.tsx(23,41): error TS6133: 'CardTitle' is declared but its value is never read.
src/pages/dashboard/shared/SubjectDetail.tsx(29,33): error TS6133: 'updateTopic' is declared but its value is never read.
src/pages/dashboard/shared/SubjectManagement.tsx(43,20): error TS2345: Argument of type '{ name: string; description: string; gradeTier: any; thumbnail: string; }' is not assignable to parameter of type 'Omit<Subject, "id" | "modulesCount" | "lessonsCount">'.
  Property 'createdAt' is missing in type '{ name: string; description: string; gradeTier: any; thumbnail: string; }' but required in type 'Omit<Subject, "id" | "modulesCount" | "lessonsCount">'.
src/pages/dashboard/student/StudentQuizDetail.tsx(8,1): error TS6133: 'Separator' is declared but its value is never read.
src/pages/dashboard/student/StudentQuizDetail.tsx(24,11): error TS6133: 'user' is declared but its value is never read.
src/pages/dashboard/student/StudentQuizzes.tsx(4,1): error TS6133: 'Button' is declared but its value is never read.
src/pages/dashboard/student/TakeQuiz.tsx(7,1): error TS6133: 'Progress' is declared but its value is never read.
src/pages/dashboard/student/TakeQuiz.tsx(13,5): error TS6133: 'AlertCircle' is declared but its value is never read.
src/pages/dashboard/student/TakeQuiz.tsx(127,23): error TS2345: Argument of type '{ id: `${string}-${string}-${string}-${string}-${string}`; quizId: string; learnerId: string; learnerName: string; score: number; totalPoints: number; accuracy: number; timeSpent: number; submittedAt: string; status: "completed"; responses: Record<...>; }' is not assignable to parameter of type 'QuizSubmission'.
  Type '{ id: `${string}-${string}-${string}-${string}-${string}`; quizId: string; learnerId: string; learnerName: string; score: number; totalPoints: number; accuracy: number; timeSpent: number; submittedAt: string; status: "completed"; responses: Record<...>; }' is missing the following properties from type 'QuizSubmission': studentId, studentName, completedAt, answers
src/pages/dashboard/student/TakeQuiz.tsx(267,34): error TS18048: 'currentQuestion' is possibly 'undefined'.
src/pages/dashboard/student/TakeQuiz.tsx(273,30): error TS18048: 'currentQuestion' is possibly 'undefined'.
src/pages/dashboard/student/TakeQuiz.tsx(274,68): error TS18048: 'currentQuestion' is possibly 'undefined'.
src/pages/dashboard/teacher/QuizAnalytics.tsx(7,5): error TS6133: 'Download' is declared but its value is never read.
src/pages/dashboard/teacher/QuizAnalytics.tsx(9,5): error TS6133: 'Search' is declared but its value is never read.
src/pages/dashboard/teacher/QuizAnalytics.tsx(10,5): error TS6133: 'Filter' is declared but its value is never read.
src/pages/dashboard/teacher/QuizAnalytics.tsx(15,5): error TS6133: 'ChevronDown' is declared but its value is never read.
src/pages/dashboard/teacher/QuizAnalytics.tsx(16,5): error TS6133: 'Eye' is declared but its value is never read.
src/pages/dashboard/teacher/QuizAnalytics.tsx(22,1): error TS6133: 'Input' is declared but its value is never read.
src/pages/dashboard/teacher/QuizAnalytics.tsx(29,5): error TS6133: 'DialogHeader' is declared but its value is never read.
src/pages/dashboard/teacher/QuizAnalytics.tsx(30,5): error TS6133: 'DialogTitle' is declared but its value is never read.
src/pages/dashboard/teacher/QuizAnalytics.tsx(31,5): error TS6133: 'DialogDescription' is declared but its value is never read.
src/pages/dashboard/teacher/QuizAnalytics.tsx(33,1): error TS6133: 'Separator' is declared but its value is never read.
src/pages/dashboard/teacher/QuizAnalytics.tsx(38,1): error TS6133: 'useAuth' is declared but its value is never read.
src/pages/dashboard/teacher/QuizAnalytics.tsx(74,27): error TS18048: 'quiz' is possibly 'undefined'.
src/pages/dashboard/teacher/QuizAnalytics.tsx(77,35): error TS2339: Property 'responses' does not exist on type 'QuizSubmission'.
src/pages/dashboard/teacher/QuizAnalytics.tsx(80,35): error TS7006: Parameter 'id' implicitly has an 'any' type.
src/pages/dashboard/teacher/QuizAnalytics.tsx(332,132): error TS2339: Property 'learnerId' does not exist on type 'QuizSubmission'.
src/pages/dashboard/teacher/QuizAnalytics.tsx(333,80): error TS2339: Property 'learnerName' does not exist on type 'QuizSubmission'.
src/pages/dashboard/teacher/QuizAnalytics.tsx(335,103): error TS2339: Property 'learnerName' does not exist on type 'QuizSubmission'.
src/pages/dashboard/teacher/QuizAnalytics.tsx(347,108): error TS2339: Property 'totalPoints' does not exist on type 'QuizSubmission'.
src/pages/dashboard/teacher/QuizAnalytics.tsx(349,114): error TS2339: Property 'submittedAt' does not exist on type 'QuizSubmission'.
src/pages/dashboard/teacher/QuizAnalytics.tsx(427,55): error TS7006: Parameter 'id' implicitly has an 'any' type.
src/pages/dashboard/teacher/QuizAnalytics.tsx(455,114): error TS7006: Parameter 'id' implicitly has an 'any' type.
src/pages/dashboard/teacher/QuizAnalytics.tsx(466,114): error TS7006: Parameter 'id' implicitly has an 'any' type.
src/pages/dashboard/teacher/QuizAnalytics.tsx(479,55): error TS7006: Parameter 'id' implicitly has an 'any' type.
src/pages/dashboard/teacher/Quizzes.tsx(8,5): error TS6133: 'CheckCircle2' is declared but its value is never read.
src/pages/dashboard/teacher/Quizzes.tsx(9,5): error TS6133: 'Clock' is declared but its value is never read.
src/pages/dashboard/teacher/Quizzes.tsx(13,5): error TS6133: 'Download' is declared but its value is never read.
src/pages/dashboard/teacher/Quizzes.tsx(32,1): error TS6192: All imports in import declaration are unused.
src/pages/dashboard/teacher/Quizzes.tsx(53,71): error TS2339: Property 'learnerId' does not exist on type 'QuizSubmission'.
src/pages/dashboard/teacher/Quizzes.tsx(296,121): error TS6133: 'i' is declared but its value is never read.
